// Vitest Snapshot v1, https://vitest.dev/guide/snapshot.html

exports[`/GET prices > GET /price-history - Schema validation > Prices 1`] = `
{
  "prices": [
    [
      1721001600000,
      "650.3788447921312",
    ],
    [
      1721088000000,
      "697.5447368877557",
    ],
    [
      1721174400000,
      "947.7062677773371",
    ],
    [
      1721260800000,
      "677.7298733813316",
    ],
    [
      1721347200000,
      "685.5532794760298",
    ],
    [
      1721433600000,
      "700.8878469205272",
    ],
    [
      1721520000000,
      "704.4028145504288",
    ],
    [
      1721606400000,
      "668.3708743642958",
    ],
    [
      1721692800000,
      "688.48628799502",
    ],
    [
      1721779200000,
      "696.4723727157205",
    ],
    [
      1721865600000,
      "667.1598835907437",
    ],
    [
      1721952000000,
      "634.6421746873678",
    ],
    [
      1722038400000,
      "655.5232506789642",
    ],
    [
      1722124800000,
      "650.8090145408351",
    ],
    [
      1722211200000,
      "658.9444304850888",
    ],
    [
      1722297600000,
      "666.1306196597078",
    ],
    [
      1722384000000,
      "655.2907322086015",
    ],
    [
      1722470400000,
      "646.5223216790365",
    ],
    [
      1722556800000,
      "640.7747731237556",
    ],
    [
      1722643200000,
      "596.6496224472769",
    ],
    [
      1722729600000,
      "581.2988276665448",
    ],
    [
      1722816000000,
      "536.4950732240279",
    ],
    [
      1722902400000,
      "483.1542201996827",
    ],
    [
      1722988800000,
      "491.071299023586",
    ],
    [
      1723075200000,
      "468.3312273212842",
    ],
    [
      1723161600000,
      "536.9209772855222",
    ],
    [
      1723248000000,
      "520.4163802482656",
    ],
    [
      1723334400000,
      "521.5807309468045",
    ],
    [
      1723420800000,
      "511.7392103253695",
    ],
    [
      1723507200000,
      "545.2906485664083",
    ],
    [
      1723593600000,
      "540.6856301531231",
    ],
    [
      1723680000000,
      "532.5296730123205",
    ],
    [
      1723766400000,
      "513.9499366229657",
    ],
    [
      1723852800000,
      "518.4219886933467",
    ],
    [
      1723939200000,
      "522.6005101891881",
    ],
    [
      1724025600000,
      "522.9015242750881",
    ],
    [
      1724112000000,
      "528.1082140988101",
    ],
    [
      1724198400000,
      "515.1424676461275",
    ],
    [
      1724284800000,
      "526.0676782795726",
    ],
    [
      1724371200000,
      "524.6699862207072",
    ],
    [
      1724457600000,
      "552.6649238645999",
    ],
    [
      1724544000000,
      "553.5839595984685",
    ],
    [
      1724630400000,
      "549.0489337779697",
    ],
    [
      1724716800000,
      "536.631351743313",
    ],
    [
      1724803200000,
      "491.4976193111815",
    ],
    [
      1724889600000,
      "505.6612363260772",
    ],
    [
      1724976000000,
      "505.7997803566612",
    ],
    [
      1725062400000,
      "505.9902644011259",
    ],
    [
      1725148800000,
      "503.1225304310623",
    ],
    [
      1725235200000,
      "486.456295323607",
    ],
    [
      1725321600000,
      "507.4594518978151",
    ],
    [
      1725408000000,
      "487.9155584087913",
    ],
    [
      1725494400000,
      "490.1454573949753",
    ],
    [
      1725580800000,
      "474.0287802884926",
    ],
    [
      1725667200000,
      "445.2019838969211",
    ],
    [
      1725753600000,
      "454.9951637147751",
    ],
    [
      1725840000000,
      "459.7501467753931",
    ],
    [
      1725926400000,
      "472.3969095869355",
    ],
    [
      1726012800000,
      "478.386855713159",
    ],
    [
      1726099200000,
      "469.098457085399",
    ],
    [
      1726185600000,
      "472.9645230718677",
    ],
    [
      1726272000000,
      "489.5397981972099",
    ],
    [
      1726358400000,
      "484.1397901899715",
    ],
    [
      1726444800000,
      "465.05823590560515",
    ],
    [
      1726531200000,
      "459.5356136522777",
    ],
    [
      1726617600000,
      "468.7450200599811",
    ],
    [
      1726704000000,
      "472.9344957917711",
    ],
    [
      1726790400000,
      "493.6342399574932",
    ],
    [
      1726876800000,
      "512.1300016292901",
    ],
    [
      1726963200000,
      "523.5390434829704",
    ],
    [
      1727049600000,
      "517.1997440360564",
    ],
    [
      1727136000000,
      "530.2629197321241",
    ],
    [
      1727222400000,
      "531.4420315854295",
    ],
    [
      1727308800000,
      "516.3673397525656",
    ],
    [
      1727395200000,
      "526.8636618160125",
    ],
    [
      1727481600000,
      "540.332352786901",
    ],
    [
      1727568000000,
      "536.7329072525587",
    ],
    [
      1727654400000,
      "532.2898661263339",
    ],
    [
      1727740800000,
      "519.3829626720568",
    ],
    [
      1727827200000,
      "489.8307367925114",
    ],
    [
      1727913600000,
      "471.6018297427406",
    ],
    [
      1728000000000,
      "468.1671086239283",
    ],
  ],
}
`;
