// Vitest Snapshot v1, https://vitest.dev/guide/snapshot.html

exports[`/GET tvl-history > GET /tvl-history - Schema validation > Tvl-history 1`] = `
{
  "volumes": [
    [
      1721001600000,
      "935675671.7521595",
    ],
    [
      1721088000000,
      "1341149531.7636049",
    ],
    [
      1721174400000,
      "1494253450.7842066",
    ],
    [
      1721260800000,
      "1275344713.323399",
    ],
    [
      1721347200000,
      "1241480987.3136861",
    ],
    [
      1721433600000,
      "1101145945.3084762",
    ],
    [
      1721520000000,
      "1383297263.302962",
    ],
    [
      1721606400000,
      "1364771293.6166096",
    ],
    [
      1721692800000,
      "1352009603.4200287",
    ],
    [
      1721779200000,
      "1367690311.1749687",
    ],
    [
      1721865600000,
      "1255401206.180484",
    ],
    [
      1721952000000,
      "996243468.4643209",
    ],
    [
      1722038400000,
      "1168690036.995604",
    ],
    [
      1722124800000,
      "1104795669.5428581",
    ],
    [
      1722211200000,
      "1051403659.4419665",
    ],
    [
      1722297600000,
      "1091850338.4185967",
    ],
    [
      1722384000000,
      "732712782.6071895",
    ],
    [
      1722470400000,
      "649417575.6098323",
    ],
    [
      1722556800000,
      "641792152.8920195",
    ],
    [
      1722643200000,
      "599030988.8002836",
    ],
    [
      1722729600000,
      "599354818.4240719",
    ],
    [
      1722816000000,
      "537329683.131297",
    ],
    [
      1722902400000,
      "484122522.91281426",
    ],
    [
      1722988800000,
      "489525693.35823685",
    ],
    [
      1723075200000,
      "467521595.74886113",
    ],
    [
      1723161600000,
      "535261388.27057767",
    ],
    [
      1723248000000,
      "515438146.0829553",
    ],
    [
      1723334400000,
      "520149079.2316735",
    ],
    [
      1723420800000,
      "510262801.0495691",
    ],
    [
      1723507200000,
      "541808904.0358355",
    ],
    [
      1723593600000,
      "521873181.732515",
    ],
    [
      1723680000000,
      "549020909.6532067",
    ],
    [
      1723766400000,
      "492134772.08386374",
    ],
    [
      1723852800000,
      "489763435.47502166",
    ],
    [
      1723939200000,
      "495423862.323143",
    ],
    [
      1724025600000,
      "494551333.1181789",
    ],
    [
      1724112000000,
      "493956084.266465",
    ],
    [
      1724198400000,
      "475125379.54989547",
    ],
    [
      1724284800000,
      "490301001.7519652",
    ],
    [
      1724371200000,
      "474892802.4996398",
    ],
    [
      1724457600000,
      "494095514.79178995",
    ],
    [
      1724544000000,
      "498323066.9177997",
    ],
    [
      1724630400000,
      "498563536.4551976",
    ],
    [
      1724716800000,
      "484565292.1247067",
    ],
    [
      1724803200000,
      "431450970.63995504",
    ],
    [
      1724889600000,
      "436520937.8588748",
    ],
    [
      1724976000000,
      "434283085.1444852",
    ],
    [
      1725062400000,
      "437297996.66762364",
    ],
    [
      1725148800000,
      "431241831.0319696",
    ],
    [
      1725235200000,
      "411590007.46850747",
    ],
    [
      1725321600000,
      "420608034.06748927",
    ],
    [
      1725408000000,
      "399884708.96008575",
    ],
    [
      1725494400000,
      "399118052.29553497",
    ],
    [
      1725580800000,
      "382646807.5090376",
    ],
    [
      1725667200000,
      "361872476.93431544",
    ],
    [
      1725753600000,
      "367947547.11974967",
    ],
    [
      1725840000000,
      "363862663.7759709",
    ],
    [
      1725926400000,
      "371773372.3902221",
    ],
    [
      1726012800000,
      "373532130.0813272",
    ],
    [
      1726099200000,
      "366817554.2059798",
    ],
    [
      1726185600000,
      "367880871.4275921",
    ],
    [
      1726272000000,
      "380185050.0983515",
    ],
    [
      1726358400000,
      "372940668.30490005",
    ],
    [
      1726444800000,
      "352031453.45089674",
    ],
    [
      1726531200000,
      "342895295.2829355",
    ],
    [
      1726617600000,
      "359281498.8706001",
    ],
    [
      1726704000000,
      "496215237.3714284",
    ],
    [
      1726790400000,
      "362114997.9242417",
    ],
    [
      1726876800000,
      "375682923.6416214",
    ],
    [
      1726963200000,
      "384052248.19958305",
    ],
    [
      1727049600000,
      "373191637.470824",
    ],
    [
      1727136000000,
      "372975404.2096534",
    ],
    [
      1727222400000,
      "370732904.20607835",
    ],
    [
      1727308800000,
      "361417458.27883637",
    ],
    [
      1727395200000,
      "364993407.1455418",
    ],
    [
      1727481600000,
      "373163306.15585625",
    ],
    [
      1727568000000,
      "370677463.897763",
    ],
    [
      1727654400000,
      "367719813.47896266",
    ],
    [
      1727740800000,
      "358958788.1432284",
    ],
    [
      1727827200000,
      "338730535.4872396",
    ],
    [
      1727913600000,
      "466601873.9805762",
    ],
    [
      1728000000000,
      "559433968.8209311",
    ],
  ],
}
`;
