---
source: pallets/stable-swap/src/tests.rs
assertion_line: 492
expression: results
snapshot_kind: text
---
- amp_coeff: 200
  initial_liquidity:
    - 500000000000000000000
    - 10000000000000000000000
  rate_multipliers:
    - 1000000000000000000
    - 1000000000000000000
  dy: 100000000000000000
  calculated_dx: 79621311568089795
- amp_coeff: 1000
  initial_liquidity:
    - 500000000000000000000
    - 10000000000000000000000
  rate_multipliers:
    - 1000000000000000000
    - 1000000000000000000
  dy: 100000000000000000
  calculated_dx: 95320109027122834
- amp_coeff: 1000
  initial_liquidity:
    - 1000000000000000000000
    - 1000000000000000000000
  rate_multipliers:
    - 1000000000000000000
    - 1000000000000000000
  dy: 100000000000000000
  calculated_dx: 100300912758346345
- amp_coeff: 200
  initial_liquidity:
    - 1000000000000000000000
    - 1000000000000000000000
  rate_multipliers:
    - 1000000000000000000
    - 1000000000000000000
  dy: 100000000000000000
  calculated_dx: 100300952759249769
- amp_coeff: 200
  initial_liquidity:
    - 500000000000000000000
    - 10000000000000000000000
  rate_multipliers:
    - 1000000000000000000
    - 2000000000000000000
  dy: 100000000000000000
  calculated_dx: 102732403960421427
- amp_coeff: 1000
  initial_liquidity:
    - 500000000000000000000
    - 10000000000000000000000
  rate_multipliers:
    - 1000000000000000000
    - 2000000000000000000
  dy: 100000000000000000
  calculated_dx: 166765400466768106
- amp_coeff: 200
  initial_liquidity:
    - 1000000000000000000000
    - 1000000000000000000000
  rate_multipliers:
    - 1000000000000000000
    - 2000000000000000000
  dy: 100000000000000000
  calculated_dx: 199798972640443209
- amp_coeff: 1000
  initial_liquidity:
    - 1000000000000000000000
    - 1000000000000000000000
  rate_multipliers:
    - 1000000000000000000
    - 2000000000000000000
  dy: 100000000000000000
  calculated_dx: 200468383268724300
- amp_coeff: 200
  initial_liquidity:
    - 500000000000000000000
    - 10000000000000000000000
  rate_multipliers:
    - 1000000000000000000
    - 1000000000000000000
  dy: 10000000000000000000
  calculated_dx: 7987683472135033225
- amp_coeff: 1000
  initial_liquidity:
    - 500000000000000000000
    - 10000000000000000000000
  rate_multipliers:
    - 1000000000000000000
    - 1000000000000000000
  dy: 10000000000000000000
  calculated_dx: 9541078391370206537
- amp_coeff: 1000
  initial_liquidity:
    - 1000000000000000000000
    - 1000000000000000000000
  rate_multipliers:
    - 1000000000000000000
    - 1000000000000000000
  dy: 10000000000000000000
  calculated_dx: 10030191163399874055
- amp_coeff: 200
  initial_liquidity:
    - 1000000000000000000000
    - 1000000000000000000000
  rate_multipliers:
    - 1000000000000000000
    - 1000000000000000000
  dy: 10000000000000000000
  calculated_dx: 10030591235964353940
- amp_coeff: 200
  initial_liquidity:
    - 500000000000000000000
    - 10000000000000000000000
  rate_multipliers:
    - 1000000000000000000
    - 2000000000000000000
  dy: 10000000000000000000
  calculated_dx: 10373084326856906302
- amp_coeff: 1000
  initial_liquidity:
    - 500000000000000000000
    - 10000000000000000000000
  rate_multipliers:
    - 1000000000000000000
    - 2000000000000000000
  dy: 10000000000000000000
  calculated_dx: 16767999077645334338
- amp_coeff: 200
  initial_liquidity:
    - 1000000000000000000000
    - 1000000000000000000000
  rate_multipliers:
    - 1000000000000000000
    - 2000000000000000000
  dy: 10000000000000000000
  calculated_dx: 19982188323218663237
- amp_coeff: 1000
  initial_liquidity:
    - 1000000000000000000000
    - 1000000000000000000000
  rate_multipliers:
    - 1000000000000000000
    - 2000000000000000000
  dy: 10000000000000000000
  calculated_dx: 20047185309026867197
- amp_coeff: 200
  initial_liquidity:
    - 500000000000000000000
    - 10000000000000000000000
  rate_multipliers:
    - 1000000000000000000
    - 1000000000000000000
  dy: 50000000000000000000
  calculated_dx: 40431405241148586002
- amp_coeff: 1000
  initial_liquidity:
    - 500000000000000000000
    - 10000000000000000000000
  rate_multipliers:
    - 1000000000000000000
    - 1000000000000000000
  dy: 50000000000000000000
  calculated_dx: 47874030321230232735
- amp_coeff: 1000
  initial_liquidity:
    - 1000000000000000000000
    - 1000000000000000000000
  rate_multipliers:
    - 1000000000000000000
    - 1000000000000000000
  dy: 50000000000000000000
  calculated_dx: 50153017817720733956
- amp_coeff: 200
  initial_liquidity:
    - 1000000000000000000000
    - 1000000000000000000000
  rate_multipliers:
    - 1000000000000000000
    - 1000000000000000000
  dy: 50000000000000000000
  calculated_dx: 50163045998991602835
- amp_coeff: 200
  initial_liquidity:
    - 500000000000000000000
    - 10000000000000000000000
  rate_multipliers:
    - 1000000000000000000
    - 2000000000000000000
  dy: 50000000000000000000
  calculated_dx: 53871982583804960915
- amp_coeff: 200
  initial_liquidity:
    - 500000000000000000000
    - 10000000000000000000000
  rate_multipliers:
    - 1000000000000000000
    - 1000000000000000000
  dy: 100000000000000000000
  calculated_dx: 81996143870959046344
- amp_coeff: 1000
  initial_liquidity:
    - 500000000000000000000
    - 10000000000000000000000
  rate_multipliers:
    - 1000000000000000000
    - 2000000000000000000
  dy: 50000000000000000000
  calculated_dx: 85499283666606430685
- amp_coeff: 1000
  initial_liquidity:
    - 500000000000000000000
    - 10000000000000000000000
  rate_multipliers:
    - 1000000000000000000
    - 1000000000000000000
  dy: 100000000000000000000
  calculated_dx: 96113260059407330002
- amp_coeff: 200
  initial_liquidity:
    - 1000000000000000000000
    - 1000000000000000000000
  rate_multipliers:
    - 1000000000000000000
    - 2000000000000000000
  dy: 50000000000000000000
  calculated_dx: 99953801549151109890
- amp_coeff: 1000
  initial_liquidity:
    - 1000000000000000000000
    - 1000000000000000000000
  rate_multipliers:
    - 1000000000000000000
    - 2000000000000000000
  dy: 50000000000000000000
  calculated_dx: 100242375410966136220
- amp_coeff: 1000
  initial_liquidity:
    - 1000000000000000000000
    - 1000000000000000000000
  rate_multipliers:
    - 1000000000000000000
    - 1000000000000000000
  dy: 100000000000000000000
  calculated_dx: 100311436021492352809
- amp_coeff: 200
  initial_liquidity:
    - 1000000000000000000000
    - 1000000000000000000000
  rate_multipliers:
    - 1000000000000000000
    - 1000000000000000000
  dy: 100000000000000000000
  calculated_dx: 100351863655001096377
- amp_coeff: 200
  initial_liquidity:
    - 500000000000000000000
    - 10000000000000000000000
  rate_multipliers:
    - 1000000000000000000
    - 2000000000000000000
  dy: 100000000000000000000
  calculated_dx: 112670097631551686719
- amp_coeff: 200
  initial_liquidity:
    - 500000000000000000000
    - 10000000000000000000000
  rate_multipliers:
    - 1000000000000000000
    - 1000000000000000000
  dy: 200000000000000000000
  calculated_dx: 167937292627340845773
- amp_coeff: 1000
  initial_liquidity:
    - 500000000000000000000
    - 10000000000000000000000
  rate_multipliers:
    - 1000000000000000000
    - 2000000000000000000
  dy: 100000000000000000000
  calculated_dx: 174423333632934110526
- amp_coeff: 1000
  initial_liquidity:
    - 500000000000000000000
    - 10000000000000000000000
  rate_multipliers:
    - 1000000000000000000
    - 1000000000000000000
  dy: 200000000000000000000
  calculated_dx: 193400270505847093835
- amp_coeff: 200
  initial_liquidity:
    - 1000000000000000000000
    - 1000000000000000000000
  rate_multipliers:
    - 1000000000000000000
    - 2000000000000000000
  dy: 100000000000000000000
  calculated_dx: 200002321868636107481
- amp_coeff: 1000
  initial_liquidity:
    - 1000000000000000000000
    - 1000000000000000000000
  rate_multipliers:
    - 1000000000000000000
    - 2000000000000000000
  dy: 100000000000000000000
  calculated_dx: 200498945273506619787
- amp_coeff: 1000
  initial_liquidity:
    - 1000000000000000000000
    - 1000000000000000000000
  rate_multipliers:
    - 1000000000000000000
    - 1000000000000000000
  dy: 200000000000000000000
  calculated_dx: 200646751048726802272
- amp_coeff: 200
  initial_liquidity:
    - 1000000000000000000000
    - 1000000000000000000000
  rate_multipliers:
    - 1000000000000000000
    - 1000000000000000000
  dy: 200000000000000000000
  calculated_dx: 200813602707303095610
- amp_coeff: 200
  initial_liquidity:
    - 500000000000000000000
    - 10000000000000000000000
  rate_multipliers:
    - 1000000000000000000
    - 2000000000000000000
  dy: 200000000000000000000
  calculated_dx: 243982250129660465587
- amp_coeff: 1000
  initial_liquidity:
    - 500000000000000000000
    - 10000000000000000000000
  rate_multipliers:
    - 1000000000000000000
    - 2000000000000000000
  dy: 200000000000000000000
  calculated_dx: 359027584428509053001
- amp_coeff: 200
  initial_liquidity:
    - 1000000000000000000000
    - 1000000000000000000000
  rate_multipliers:
    - 1000000000000000000
    - 2000000000000000000
  dy: 200000000000000000000
  calculated_dx: 400329028520218852597
- amp_coeff: 1000
  initial_liquidity:
    - 1000000000000000000000
    - 1000000000000000000000
  rate_multipliers:
    - 1000000000000000000
    - 2000000000000000000
  dy: 200000000000000000000
  calculated_dx: 401047416416694999014
